[promosisuzukijogja.com/index.html]
[backblue.gif]
[fade.gif]
[index.html]
[promosisuzukijogja.com/uploads/news/Promo-Suzuki-Carry-Yogyakarta.jpg]
[promosisuzukijogja.com/amp/index.html]
[promosisuzukijogja.com/mobile2019/css/font-awesome.min.css]
[promosisuzukijogja.com/mobile2019/css/aos.css]
[promosisuzukijogja.com/mobile2019/css/reset.minb6fc.css]
[promosisuzukijogja.com/mobile2019/css/style.minb6fc.css]
[promosisuzukijogja.com/mobile2019/icons/favicon-32x32.png]
[promosisuzukijogja.com/mobile2019/icons/favicon-16x16.png]
[promosisuzukijogja.com/mobile2019/css/automobile.minb6fc.css]
[promosisuzukijogja.com/mobile2019/css/owl.carousel.minb6fc.css]
[promosisuzukijogja.com/mobile2019/js/jquery.min.js]
[pagead2.googlesyndication.com/pagead/js/f.txt]
[promosisuzukijogja.com/mobile2019/img/logo-white.png]
[promosisuzukijogja.com/mobile2019/img/logo.png]
[promosisuzukijogja.com/mobile2019/img/icon-close.png]
[promosisuzukijogja.com/simulasi-kredit.html]
[promosisuzukijogja.com/kontak.html]
[promosisuzukijogja.com/promo/index.html]
[promosisuzukijogja.com/produk/suzuki-xl7.html]
[promosisuzukijogja.com/produk/all-new-ertiga.html]
[promosisuzukijogja.com/produk/ertiga-sport.html]
[promosisuzukijogja.com/produk/wagon-r.html]
[promosisuzukijogja.com/produk/wagon-r-gs.html]
[promosisuzukijogja.com/produk/apv-arena.html]
[promosisuzukijogja.com/produk/ignis.html]
[promosisuzukijogja.com/produk/s-cross.html]
[promosisuzukijogja.com/produk/baleno.html]
[promosisuzukijogja.com/produk/jimny.html]
[promosisuzukijogja.com/produk/carry-blind-van.html]
[promosisuzukijogja.com/produk/new-carry.html]
[promosisuzukijogja.com/produk/new-carry-luxury.html]
[promosisuzukijogja.com/uploads/news/Promo-Suzuki-XL7-Yogyakarta.png]
[promosisuzukijogja.com/uploads/news/Kredit-Suzuki-Jogja.png]
[promosisuzukijogja.com/uploads/news/Karimun-Spesial-Edition.jpg]
[promosisuzukijogja.com/uploads/automobile/xl7_thumb2.png]
[promosisuzukijogja.com/uploads/automobile/all-new-ertiga-thumb2.jpg]
[promosisuzukijogja.com/uploads/automobile/ertiga-sport-thumb.jpg]
[promosisuzukijogja.com/uploads/automobile/wagon-r-thumb3.jpg]
[promosisuzukijogja.com/uploads/automobile/b6244-mun-rgs.jpg]
[promosisuzukijogja.com/uploads/automobile/APV-ARENA-thumb.jpg]
[promosisuzukijogja.com/uploads/automobile/scross-thumb1.jpg]
[promosisuzukijogja.com/uploads/automobile/baleno-thumb.png]
[promosisuzukijogja.com/uploads/automobile/jimny-thumb.jpg]
[promosisuzukijogja.com/uploads/automobile/New-Carry-Blind-Van.png]
[promosisuzukijogja.com/uploads/automobile/new-carry-thumb.jpg]
[promosisuzukijogja.com/uploads/automobile/carry-luxury-jogja.png]
[cse.google.com/f4200.txt]
[promosisuzukijogja.com/mobile2019/img/icon-pricelist.png]
[promosisuzukijogja.com/dealer.html]
[promosisuzukijogja.com/mobile2019/img/icon-dealer.png]
[promosisuzukijogja.com/mobile2019/img/icon-phone.png]
[promosisuzukijogja.com/mobile2019/js/aos.js]
[promosisuzukijogja.com/produk/index.html]
[promosisuzukijogja.com/mobile2019/js/app.minb6fc.js]
[promosisuzukijogja.com/index.html]
[promosisuzukijogja.com/mobile2019/js/owl.carousel.min.js]
[cdn.ampproject.org/v0.js]
[cdn.ampproject.org/v0/amp-sidebar-0.1.js]
[promosisuzukijogja.com/amp/img/logo-Suzuki.png]
[promosisuzukijogja.com/amp/img/logo-sbm.png]
[promosisuzukijogja.com/amp/img/Suzuki-Mobil-Jogja.png]
[promosisuzukijogja.com/amp/img/background-xl7.jpg]
[promosisuzukijogja.com/amp/img/Suzuki-Promo-Jogja.png]
[promosisuzukijogja.com/amp/img/Suzuki-Mobil-2020.jpg]
[promosisuzukijogja.com/amp/index.html]
[promosisuzukijogja.com/mobile2019/fonts/fontawesome-webfont3e6e.woff]
[promosisuzukijogja.com/mobile2019/fonts/fontawesome-webfont3e6e.ttf]
[promosisuzukijogja.com/mobile2019/css/font-awesome.min.css]
[promosisuzukijogja.com/mobile2019/css/aos.css]
[promosisuzukijogja.com/mobile2019/fonts/SuzukiPRORegular.woff]
[promosisuzukijogja.com/mobile2019/fonts/SuzukiPRORegular.ttf]
[promosisuzukijogja.com/mobile2019/fonts/SuzukiPROBold.woff]
[promosisuzukijogja.com/mobile2019/fonts/SuzukiPROBold.ttf]
[promosisuzukijogja.com/mobile2019/fonts/SuzukiPROHeadline.woff]
[promosisuzukijogja.com/mobile2019/fonts/SuzukiPROHeadline.ttf]
[promosisuzukijogja.com/mobile2019/css/reset.minb6fc.css]
[promosisuzukijogja.com/mobile2019/img/icon-angle-right.png]
[promosisuzukijogja.com/mobile2019/img/icon-angle-left.png]
[promosisuzukijogja.com/mobile2019/css/style.minb6fc.css]
[promosisuzukijogja.com/mobile2019/css/automobile.minb6fc.css]
[promosisuzukijogja.com/mobile2019/css/owl.carousel.minb6fc.css]
[promosisuzukijogja.com/promo/mobile2019/css/font-awesome.min.css]
[promosisuzukijogja.com/promo/mobile2019/css/aos.css]
[promosisuzukijogja.com/promo/mobile2019/css/reset.minb6fc.css]
[promosisuzukijogja.com/promo/mobile2019/css/style.minb6fc.css]
[promosisuzukijogja.com/promo/mobile2019/icons/favicon-32x32.png]
[promosisuzukijogja.com/promo/mobile2019/icons/favicon-16x16.png]
[promosisuzukijogja.com/promo/mobile2019/js/jquery.min.js]
[promosisuzukijogja.com/promo/mobile2019/img/logo-white.png]
[promosisuzukijogja.com/promo/mobile2019/img/logo.png]
[promosisuzukijogja.com/promo/mobile2019/img/icon-close.png]
[promosisuzukijogja.com/promo/mobile2019/img/XL7-Jogja.jpg]
[promosisuzukijogja.com/promo/uploads/news/Promo-Carry-Yogyakarta.png]
[promosisuzukijogja.com/promo/uploads/news/Promo-Ertiga-Sport-Oktober-Jogja.jpg]
[promosisuzukijogja.com/promo/promo-ertiga-sport-jogja.html]
[promosisuzukijogja.com/promo/uploads/news/Promo-Kredit-XL7.jpg]
[promosisuzukijogja.com/promo/kredit-xl7-jogja.html]
[promosisuzukijogja.com/promo/mobile2019/img/icon-pricelist.png]
[promosisuzukijogja.com/promo/mobile2019/img/icon-dealer.png]
[promosisuzukijogja.com/promo/mobile2019/img/icon-phone.png]
[promosisuzukijogja.com/promo/mobile2019/js/aos.js]
[promosisuzukijogja.com/promo/mobile2019/js/app.minb6fc.js]
[promosisuzukijogja.com/promo/mobile2019/js/automobile.min.js]
[promosisuzukijogja.com/promo/index.html]
[promosisuzukijogja.com/mobile2019/img/automobile/hero-contact.jpg]
[promosisuzukijogja.com/simulasi-kredit.html]
[promosisuzukijogja.com/uploads/news/Sales-Suzuki-Jogja.jpg]
[promosisuzukijogja.com/kontak.html]
[www.suzuki.co.id/themes/mobile2019/css/font-awesome.min.css]
[www.suzuki.co.id/themes/mobile2019/css/aos.css]
[www.suzuki.co.id/themes/mobile2019/css/reset.minb6fc.css]
[www.suzuki.co.id/themes/mobile2019/css/style.minb6fc.css]
[www.suzuki.co.id/themes/mobile2019/css/automobile.minb6fc.css]
[www.suzuki.co.id/themes/mobile2019/css/xl7.minb6fc.css]
[www.suzuki.co.id/themes/mobile2019/css/owl.carousel.minb6fc.css]
[promosisuzukijogja.com/produk/mobile2019/icons/favicon-32x32.png]
[promosisuzukijogja.com/produk/mobile2019/icons/favicon-16x16.png]
[www.suzuki.co.id/themes/mobile2019/js/jquery.min.js]
[promosisuzukijogja.com/produk/mobile2019/img/logo-white.png]
[promosisuzukijogja.com/produk/mobile2019/img/logo.png]
[promosisuzukijogja.com/produk/mobile2019/img/icon-close.png]
[promosisuzukijogja.com/produk/mobile2019/img/automobile/banner-xl7.jpg]
[promosisuzukijogja.com/produk/mobile2019/img/automobile/logo-extraordinary-suv.png]
[promosisuzukijogja.com/produk/mobile2019/img/automobile/background-xl7.jpg]
[promosisuzukijogja.com/produk/mobile2019/img/automobile/gear-to-accomplish.png]
[promosisuzukijogja.com/produk/mobile2019/img/automobile/variant/rising-orange1.png]
[promosisuzukijogja.com/produk/mobile2019/img/automobile/variant/brave-kakhi.png]
[promosisuzukijogja.com/produk/mobile2019/img/automobile/variant/cool-black.png]
[promosisuzukijogja.com/produk/mobile2019/img/automobile/variant/pearl-snow-white.png]
[promosisuzukijogja.com/produk/mobile2019/img/automobile/variant/burgundy.png]
[promosisuzukijogja.com/produk/mobile2019/img/automobile/variant/beta-magma-grey1.png]
[promosisuzukijogja.com/produk/mobile2019/img/automobile/variant/beta-cool-white.png]
[promosisuzukijogja.com/produk/mobile2019/img/automobile/variant/beta-black.png]
[promosisuzukijogja.com/produk/mobile2019/img/automobile/variant/cool-white-beta.png]
[promosisuzukijogja.com/produk/mobile2019/img/automobile/variant/black-zeta.png]
[promosisuzukijogja.com/produk/mobile2019/img/automobile/variant/magma-grey-zeta.png]
[promosisuzukijogja.com/produk/mobile2019/img/automobile/variant/zeta-burgundy-1.png]
[promosisuzukijogja.com/produk/mobile2019/img/automobile/360drjt_icon.png]
[promosisuzukijogja.com/produk/mobile2019/img/automobile/exterior-1.png]
[promosisuzukijogja.com/produk/mobile2019/img/automobile/exterior-2.png]
[promosisuzukijogja.com/produk/mobile2019/img/automobile/exterior-3.png]
[promosisuzukijogja.com/produk/mobile2019/img/automobile/exterior-4.png]
[promosisuzukijogja.com/produk/mobile2019/img/automobile/xl7/exterior-5.png]
[promosisuzukijogja.com/produk/mobile2019/img/automobile/xl7/exterior-6.png]
[promosisuzukijogja.com/produk/mobile2019/img/automobile/xl7/exterior-7.png]
[promosisuzukijogja.com/produk/mobile2019/img/automobile/xl7/exterior-8.png]
[promosisuzukijogja.com/produk/mobile2019/img/automobile/xl7/exterior-9.png]
[promosisuzukijogja.com/produk/mobile2019/img/automobile/xl7/exterior-10.png]
[promosisuzukijogja.com/produk/mobile2019/img/automobile/xl7/exterior-11.png]
[promosisuzukijogja.com/produk/mobile2019/img/automobile/xl7/exterior-12.png]
[promosisuzukijogja.com/produk/mobile2019/img/automobile/xl7/exterior-13.png]
[promosisuzukijogja.com/produk/mobile2019/img/automobile/xl7/exterior-14.png]
[promosisuzukijogja.com/produk/mobile2019/img/automobile/xl7/exterior-15.png]
[promosisuzukijogja.com/produk/mobile2019/img/automobile/xl7/exterior-16.png]
[promosisuzukijogja.com/produk/mobile2019/img/automobile/xl7/interior-1.png]
[promosisuzukijogja.com/produk/mobile2019/img/automobile/xl7/interior-2.png]
[promosisuzukijogja.com/produk/mobile2019/img/automobile/xl7/interior-3.png]
[promosisuzukijogja.com/produk/mobile2019/img/automobile/xl7/interior-4.png]
[promosisuzukijogja.com/produk/mobile2019/img/automobile/xl7/interior-5.png]
[promosisuzukijogja.com/produk/mobile2019/img/automobile/xl7/interior-6.png]
[promosisuzukijogja.com/produk/mobile2019/img/automobile/xl7/interior-7.png]
[promosisuzukijogja.com/produk/mobile2019/img/automobile/xl7/interior-11.png]
[promosisuzukijogja.com/produk/mobile2019/img/automobile/xl7/interior-9.png]
[promosisuzukijogja.com/produk/mobile2019/img/automobile/xl7/interior-10.png]
[promosisuzukijogja.com/produk/mobile2019/img/automobile/xl7/interior-12.png]
[promosisuzukijogja.com/produk/mobile2019/img/automobile/xl7/interior-14.png]
[promosisuzukijogja.com/produk/mobile2019/img/automobile/xl7/interior-13.png]
[promosisuzukijogja.com/produk/mobile2019/img/automobile/xl7/bg-feature.jpg]
[promosisuzukijogja.com/produk/mobile2019/img/automobile/xl7/feature-1.png]
[promosisuzukijogja.com/produk/mobile2019/img/automobile/xl7/feature-2.png]
[promosisuzukijogja.com/produk/mobile2019/img/automobile/xl7/feature-3.png]
[promosisuzukijogja.com/produk/mobile2019/img/automobile/xl7/feature-4.png]
[promosisuzukijogja.com/produk/mobile2019/img/automobile/xl7/feature-5.png]
[promosisuzukijogja.com/produk/mobile2019/img/automobile/xl7/feature-6.png]
[promosisuzukijogja.com/produk/mobile2019/img/automobile/xl7/feature-7.png]
[promosisuzukijogja.com/produk/mobile2019/img/automobile/xl7/feature-8.png]
[promosisuzukijogja.com/produk/mobile2019/img/automobile/xl7/feature-9.png]
[promosisuzukijogja.com/produk/mobile2019/img/automobile/xl7/feature-10.png]
[promosisuzukijogja.com/produk/mobile2019/img/automobile/xl7/feature-11.png]
[promosisuzukijogja.com/produk/mobile2019/img/automobile/xl7/feature-12.png]
[promosisuzukijogja.com/produk/mobile2019/img/automobile/xl7/LX7_Suzuki.png]
[promosisuzukijogja.com/produk/mobile2019/img/automobile/xl7/XL7_1.png]
[promosisuzukijogja.com/produk/mobile2019/img/automobile/apv-bg-price.jpg]
[promosisuzukijogja.com/produk/uploads/automobile/xl7_thumb2.png]
[promosisuzukijogja.com/produk/uploads/automobile/all-new-ertiga-thumb2.jpg]
[promosisuzukijogja.com/produk/uploads/automobile/ertiga-sport-thumb.jpg]
[promosisuzukijogja.com/produk/uploads/automobile/wagon-r-thumb3.jpg]
[promosisuzukijogja.com/produk/uploads/automobile/b6244-mun-rgs.jpg]
[promosisuzukijogja.com/produk/uploads/automobile/APV-ARENA-thumb.jpg]
[promosisuzukijogja.com/produk/uploads/automobile/ignis-thumb-gx1.jpg]
[promosisuzukijogja.com/produk/uploads/automobile/scross-thumb1.jpg]
[promosisuzukijogja.com/produk/uploads/automobile/baleno-thumb.png]
[promosisuzukijogja.com/produk/uploads/automobile/jimny-thumb.jpg]
[promosisuzukijogja.com/produk/uploads/automobile/New-Carry-Blind-Van.png]
[promosisuzukijogja.com/produk/uploads/automobile/new-carry-thumb.jpg]
[promosisuzukijogja.com/produk/uploads/automobile/carry-luxury-jogja.png]
[promosisuzukijogja.com/produk/mobile2019/img/icon-pricelist.png]
[promosisuzukijogja.com/produk/mobile2019/img/icon-dealer.png]
[promosisuzukijogja.com/produk/mobile2019/img/icon-phone.png]
[promosisuzukijogja.com/produk/mobile2019/js/aos.js]
[promosisuzukijogja.com/produk/mobile2019/js/app.minb6fc.js]
[promosisuzukijogja.com/produk/mobile2019/js/owl.carousel.min.js]
[promosisuzukijogja.com/produk/mobile2019/js/jquery.validate.min.js]
[promosisuzukijogja.com/produk/mobile2019/js/service.min.js]
[promosisuzukijogja.com/produk/mobile2019/js/bootstrap.min.js]
[promosisuzukijogja.com/produk/mobile2019/js/spritespin.js]
[promosisuzukijogja.com/produk/suzuki-xl7.html]
[promosisuzukijogja.com/produk/mobile2019/css/font-awesome.min.css]
[promosisuzukijogja.com/produk/mobile2019/css/aos.css]
[promosisuzukijogja.com/produk/mobile2019/css/reset.minb6fc.css]
[promosisuzukijogja.com/produk/mobile2019/css/style.minb6fc.css]
[promosisuzukijogja.com/produk/mobile2019/css/automobile.minb6fc.css]
[promosisuzukijogja.com/produk/mobile2019/js/jquery.min.js]
[promosisuzukijogja.com/produk/mobile2019/img/automobile/Ertiga-2019-2020.jpg]
[promosisuzukijogja.com/produk/mobile2019/img/automobile/back-ertiga.jpg]
[www.suzuki.co.id/themes/mobile2019/img/automobile/karimun-wagon-r-gs/bg-price.jpg]
[promosisuzukijogja.com/produk/mobile2019/js/automobile.min.js]
[promosisuzukijogja.com/produk/all-new-ertiga.html]
[www.suzuki.co.id/themes/mobile2019/css/ertiga-sport.minb6fc.css]
[promosisuzukijogja.com/produk/mobile2019/img/automobile/ertiga-sport-main-bg.jpg]
[promosisuzukijogja.com/produk/mobile2019/img/automobile/front-ertiga.png]
[promosisuzukijogja.com/produk/mobile2019/img/automobile/front-ertiga-sport.png]
[promosisuzukijogja.com/produk/mobile2019/img/automobile/text-title.png]
[promosisuzukijogja.com/produk/mobile2019/img/automobile/kebanggaan-keluarga.png]
[promosisuzukijogja.com/produk/mobile2019/img/automobile/semakin-bangga.png]
[promosisuzukijogja.com/produk/mobile2019/img/automobile/awards.png]
[promosisuzukijogja.com/produk/mobile2019/img/automobile/img-menu-exterior.png]
[promosisuzukijogja.com/produk/mobile2019/img/automobile/img-menu-interior.png]
[promosisuzukijogja.com/produk/mobile2019/img/automobile/img-menu-safety.png]
[promosisuzukijogja.com/produk/mobile2019/img/automobile/img-menu-spesifikasi.png]
[promosisuzukijogja.com/produk/mobile2019/img/automobile/variant/color-white.png]
[promosisuzukijogja.com/produk/mobile2019/img/automobile/variant/color-gray.png]
[promosisuzukijogja.com/produk/mobile2019/img/automobile/variant/color-black.png]
[promosisuzukijogja.com/produk/mobile2019/img/automobile/exterior-front.png]
[promosisuzukijogja.com/produk/mobile2019/img/automobile/exterior-rear.png]
[promosisuzukijogja.com/produk/mobile2019/img/automobile/text-separator.png]
[promosisuzukijogja.com/produk/mobile2019/img/automobile/instrument.png]
[promosisuzukijogja.com/produk/mobile2019/img/automobile/interior1.png]
[promosisuzukijogja.com/produk/mobile2019/img/automobile/interior2.png]
[promosisuzukijogja.com/produk/mobile2019/img/automobile/safety2.png]
[promosisuzukijogja.com/produk/mobile2019/img/automobile/safety-feature1.png]
[promosisuzukijogja.com/produk/mobile2019/img/automobile/safety-feature2.png]
[promosisuzukijogja.com/produk/mobile2019/img/automobile/safety-feature3.png]
[promosisuzukijogja.com/produk/mobile2019/img/automobile/safety-feature4.png]
[promosisuzukijogja.com/produk/mobile2019/img/automobile/img-front-small.png]
[promosisuzukijogja.com/produk/mobile2019/img/automobile/icon-download.png]
[promosisuzukijogja.com/produk/mobile2019/img/automobile/variant.png]
[promosisuzukijogja.com/produk/mobile2019/js/tweenmax.min.js]
[promosisuzukijogja.com/produk/mobile2019/js/scrollmagic.min.js]
[promosisuzukijogja.com/produk/mobile2019/js/gsap.min.js]
[promosisuzukijogja.com/produk/ertiga-sport.html]
[promosisuzukijogja.com/produk/mobile2019/img/automobile/hero-wagon.jpg]
[promosisuzukijogja.com/produk/mobile2019/img/automobile/bg-main-wagon.jpg]
[promosisuzukijogja.com/produk/wagon-r.html]
[promosisuzukijogja.com/produk/mobile2019/img/automobile/bg-price-wagon.jpg]
[promosisuzukijogja.com/produk/mobile2019/img/automobile/heroGS.jpg]
[promosisuzukijogja.com/produk/mobile2019/img/automobile/mainGS.jpg]
[promosisuzukijogja.com/produk/mobile2019/img/automobile/bg-summarygs.jpg]
[promosisuzukijogja.com/produk/wagon-r-gs.html]
[promosisuzukijogja.com/produk/mobile2019/img/automobile/bg-pricegs.jpg]
[promosisuzukijogja.com/produk/mobile2019/img/automobile/apv-hero.jpg]
[promosisuzukijogja.com/produk/mobile2019/img/automobile/apv-arena-yogyakarta.jpg]
[promosisuzukijogja.com/produk/mobile2019/img/automobile/harga-apv-arena-jogja.jpg]
[promosisuzukijogja.com/produk/apv-arena.html]
[www.suzuki.co.id/themes/mobile2019/css/new-ignis.minb6fc.css]
[www.suzuki.co.id/themes/mobile2019/img/logo-white.png]
[www.suzuki.co.id/themes/mobile2019/img/logo.png]
[www.suzuki.co.id/themes/mobile2019/img/logo-50-th.png]
[www.suzuki.co.id/themes/mobile2019/img/icon-close.png]
[www.suzuki.co.id/themes/mobile2019/img/automobile/new-ignis/hero.jpg]
[www.suzuki.co.id/themes/mobile2019/img/automobile/new-ignis/logo.png]
[www.suzuki.co.id/themes/mobile2019/img/automobile/new-ignis/gear_to_ignite.png]
[www.suzuki.co.id/themes/mobile2019/img/automobile/new-ignis/bg-main.jpg]
[promosisuzukijogja.com/produk/mobile2019/img/automobile/variant/Suzuki_Ignis_GL_Hero_Angle_FLIP_Turquoise_Blue.png]
[promosisuzukijogja.com/produk/mobile2019/img/automobile/variant/Suzuki_Ignis_GL_Hero_Angle_FLIP_GLISTERING_GREY.png]
[promosisuzukijogja.com/produk/mobile2019/img/automobile/variant/Suzuki_Ignis_GL_Hero_Angle_FLIP_LUCANT_ORANGE.png]
[promosisuzukijogja.com/produk/mobile2019/img/automobile/variant/Suzuki_Ignis_GL_Hero_Angle_FLIP_MIDNIGHT_BLACK.png]
[promosisuzukijogja.com/produk/mobile2019/img/automobile/variant/Suzuki_Ignis_GL_Hero_Angle_FLIP_PEARL_ARTIC_WHITE.png]
[promosisuzukijogja.com/produk/mobile2019/img/automobile/variant/Suzuki_Ignis_GL_Hero_Angle_FLIP_SILKY_SILVER.png]
[promosisuzukijogja.com/produk/mobile2019/img/automobile/variant/Suzuki_Ignis_GX_Hero_Angle_FLIP_STARGAZE_BLUE___BLACK.png]
[promosisuzukijogja.com/produk/mobile2019/img/automobile/variant/Suzuki_Ignis_GX_Hero_Angle_FLIP_STARGAZE_BLUE___SILVER.png]
[promosisuzukijogja.com/produk/mobile2019/img/automobile/variant/Suzuki_Ignis_GX_Hero_Angle_FLIP_GLISTERING_GREY.png]
[promosisuzukijogja.com/produk/mobile2019/img/automobile/variant/Suzuki_Ignis_GX_Hero_Angle_FLIP_MIDNIGHT_BLACK.png]
[promosisuzukijogja.com/produk/mobile2019/img/automobile/variant/Suzuki_Ignis_GX_Hero_Angle_FLIP_PERAL_ARTIC_WHITE.png]
[promosisuzukijogja.com/produk/mobile2019/img/automobile/variant/Suzuki_Ignis_GX_Hero_Angle_FLIP_SILKY_SILVER.png]
[www.suzuki.co.id/themes/mobile2019/img/automobile/new-ignis/exterior.png]
[www.suzuki.co.id/themes/mobile2019/img/automobile/new-ignis/exterior-10.png]
[www.suzuki.co.id/themes/mobile2019/img/automobile/new-ignis/exterior-8.png]
[www.suzuki.co.id/themes/mobile2019/img/automobile/new-ignis/exterior-9.png]
[www.suzuki.co.id/themes/mobile2019/img/automobile/new-ignis/exterior-7.png]
[www.suzuki.co.id/themes/mobile2019/img/automobile/new-ignis/exterior-5.png]
[www.suzuki.co.id/themes/mobile2019/img/automobile/new-ignis/exterior-6.png]
[www.suzuki.co.id/themes/mobile2019/img/automobile/new-ignis/interior-1.jpg]
[www.suzuki.co.id/themes/mobile2019/img/automobile/new-ignis/interior-3.jpg]
[www.suzuki.co.id/themes/mobile2019/img/automobile/new-ignis/interior-4.jpg]
[www.suzuki.co.id/themes/mobile2019/img/automobile/new-ignis/interior-2.jpg]
[www.suzuki.co.id/themes/mobile2019/img/automobile/new-ignis/interior-5.jpg]
[www.suzuki.co.id/themes/mobile2019/img/automobile/new-ignis/interior-6.jpg]
[www.suzuki.co.id/themes/mobile2019/img/automobile/new-ignis/interior-7.jpg]
[www.suzuki.co.id/themes/mobile2019/img/automobile/new-ignis/interior-8.jpg]
[www.suzuki.co.id/themes/mobile2019/img/automobile/new-ignis/feature-1.jpg]
[www.suzuki.co.id/themes/mobile2019/img/automobile/new-ignis/feature-2.jpg]
[www.suzuki.co.id/themes/mobile2019/img/automobile/new-ignis/feature-3.jpg]
[www.suzuki.co.id/themes/mobile2019/img/automobile/new-ignis/feature-4.jpg]
[www.suzuki.co.id/themes/mobile2019/img/automobile/new-ignis/feature-5.jpg]
[www.suzuki.co.id/themes/mobile2019/img/automobile/new-ignis/feature-6.jpg]
[www.suzuki.co.id/themes/mobile2019/img/automobile/new-ignis/safety-1.jpg]
[www.suzuki.co.id/themes/mobile2019/img/automobile/new-ignis/safety-2.jpg]
[www.suzuki.co.id/themes/mobile2019/img/automobile/new-ignis/safety-3.jpg]
[www.suzuki.co.id/themes/mobile2019/img/automobile/new-ignis/safety-4.jpg]
[www.suzuki.co.id/themes/mobile2019/img/automobile/new-ignis/safety-5.jpg]
[www.suzuki.co.id/themes/mobile2019/img/automobile/new-ignis/hero-2.jpg]
[www.suzuki.co.id/themes/mobile2019/img/automobile/new-ignis/bg-summary.png]
[www.suzuki.co.id/themes/mobile2019/img/automobile/new-ignis/accessories-1.jpg]
[www.suzuki.co.id/themes/mobile2019/img/automobile/new-ignis/accessories-2.jpg]
[www.suzuki.co.id/themes/mobile2019/img/automobile/new-ignis/accessories-3.jpg]
[www.suzuki.co.id/themes/mobile2019/img/automobile/new-ignis/accessories-4.jpg]
[www.suzuki.co.id/themes/mobile2019/img/automobile/new-ignis/accessories-5.jpg]
[www.suzuki.co.id/themes/mobile2019/img/automobile/new-ignis/accessories-6.jpg]
[www.suzuki.co.id/themes/mobile2019/js/aos.js]
[www.suzuki.co.id/themes/mobile2019/js/app.minb6fc.js]
[www.google.com/recaptcha/api.js]
[www.suzuki.co.id/themes/mobile2019/js/owl.carousel.min.js]
[promosisuzukijogja.com/produk/ignis.html]
[www.suzuki.co.id/themes/mobile2019/js/automobile.min.js]
[promosisuzukijogja.com/produk/mobile2019/img/automobile/scross-banner.jpg]
[promosisuzukijogja.com/produk/mobile2019/img/automobile/s-cross-bg-main.jpg]
[promosisuzukijogja.com/produk/mobile2019/img/automobile/bg-summary-s-cross.jpg]
[promosisuzukijogja.com/produk/mobile2019/img/automobile/bg-price-s-cross.jpg]
[promosisuzukijogja.com/produk/s-cross.html]
[promosisuzukijogja.com/produk/mobile2019/css/new-baleno.minb6fc.css]
[promosisuzukijogja.com/produk/mobile2019/img/automobile/new-baleno/harga-new-baleno.png]
[promosisuzukijogja.com/produk/mobile2019/img/automobile/new-baleno/promo-suzuki-baleno.png]
[promosisuzukijogja.com/produk/mobile2019/img/automobile/new-baleno/Konsep-Hatchback-Car-Suzuki.png]
[promosisuzukijogja.com/produk/mobile2019/img/automobile/new-baleno/Baleno-Tampak-Samping.png]
[promosisuzukijogja.com/produk/mobile2019/img/automobile/variant/New-Baleno-Merah.png]
[promosisuzukijogja.com/produk/mobile2019/img/automobile/new-baleno/car-1.png]
[promosisuzukijogja.com/produk/mobile2019/img/automobile/new-baleno/car-2.png]
[promosisuzukijogja.com/produk/mobile2019/img/automobile/new-baleno/Interior-Suzuki-Baleno.png]
[promosisuzukijogja.com/produk/mobile2019/img/automobile/new-baleno/Spesifikasi-New-Baleno.png]
[promosisuzukijogja.com/produk/mobile2019/js/new-baleno.min.js]
[promosisuzukijogja.com/produk/baleno.html]
[promosisuzukijogja.com/produk/mobile2019/img/automobile/jimny-banner.jpg]
[promosisuzukijogja.com/produk/mobile2019/img/automobile/jimny-award.png]
[promosisuzukijogja.com/produk/mobile2019/img/automobile/jimny-main.jpg]
[promosisuzukijogja.com/produk/mobile2019/img/automobile/jimny-bg-price.jpg]
[promosisuzukijogja.com/produk/jimny.html]
[promosisuzukijogja.com/produk/mobile2019/css/new-carry-luxury.minb6fc.css]
[promosisuzukijogja.com/produk/mobile2019/css/owl.carousel.minb6fc.css]
[promosisuzukijogja.com/produk/mobile2019/img/automobile/New-Carry/Minibus/New-Carry-Minibus-Blind-Van-Moko.jpg]
[promosisuzukijogja.com/produk/mobile2019/img/automobile/New-Carry-Minibus-2020.png]
[promosisuzukijogja.com/produk/mobile2019/img/automobile/New-Carry/Blind-Van/New-Carry-Blind-Van-1.jpg]
[promosisuzukijogja.com/produk/mobile2019/img/automobile/New-Carry/Blind-Van/Eksterior-New-Carry-Blind-Van.jpg]
[promosisuzukijogja.com/produk/mobile2019/img/automobile/New-Carry/Blind-Van/Eksterior-New-Carry-Blind-Van-2.jpg]
[promosisuzukijogja.com/produk/mobile2019/img/automobile/New-Carry/Blind-Van/New-Carry-Blind-Van-3.jpg]
[promosisuzukijogja.com/produk/mobile2019/img/automobile/New-Carry/Blind-Van/Interior-New-Carry-Blind-Van.jpg]
[promosisuzukijogja.com/produk/mobile2019/img/automobile/New-Carry/Blind-Van/Interior-New-Carry-Blind-Van-2.jpg]
[promosisuzukijogja.com/produk/mobile2019/img/automobile/New-Carry/Blind-Van/Spesifikasi-New-Carry-Blind-Van.jpg]
[promosisuzukijogja.com/produk/mobile2019/img/automobile/New-Carry/Box/New-Carry-Box.png]
[promosisuzukijogja.com/produk/mobile2019/img/automobile/New-Carry/Box/Harga-New-Carry-Box-Yogyakarta.jpg]
[promosisuzukijogja.com/produk/mobile2019/img/automobile/New-Carry/Minibus/Eksterior-New-Carry-Minibus-1.jpg]
[promosisuzukijogja.com/produk/mobile2019/img/automobile/New-Carry/Minibus/New-Carry-Minibus-2.jpg]
[promosisuzukijogja.com/produk/mobile2019/img/automobile/New-Carry/Minibus/Interior-New-Carry-Minibus.jpg]
[promosisuzukijogja.com/produk/mobile2019/img/automobile/New-Carry/Minibus/New-Carry-Minibus-Kabin.png]
[promosisuzukijogja.com/produk/mobile2019/img/automobile/New-Carry/Minibus/New-Carry-Minibus-4.png]
[promosisuzukijogja.com/produk/mobile2019/img/automobile/New-Carry/Minibus/New-Carry-Minibus-5.png]
[promosisuzukijogja.com/produk/mobile2019/img/automobile/New-Carry/Minibus/Interior-Kursi-New-Carry-Minibus.jpg]
[promosisuzukijogja.com/produk/mobile2019/img/automobile/New-Carry/Minibus/Spec-New-Carry-Minibus.jpg]
[promosisuzukijogja.com/produk/mobile2019/img/automobile/New-Carry/Moko/New-Carry-Mobil-Toko.jpg]
[promosisuzukijogja.com/produk/mobile2019/img/automobile/New-Carry/Moko/New-Carry-Moko-Jogja.jpg]
[promosisuzukijogja.com/produk/mobile2019/img/automobile/icon-fuel.png]
[promosisuzukijogja.com/produk/mobile2019/img/automobile/icon-gear.png]
[promosisuzukijogja.com/produk/mobile2019/img/automobile/icon-service.png]
[promosisuzukijogja.com/produk/mobile2019/img/automobile/interior-cabin.png]
[promosisuzukijogja.com/produk/mobile2019/img/automobile/interior-dashboard.png]
[promosisuzukijogja.com/produk/mobile2019/img/automobile/interior-headunit.jpg]
[promosisuzukijogja.com/produk/mobile2019/img/automobile/interior-seat.jpg]
[promosisuzukijogja.com/produk/mobile2019/img/automobile/interior-key.jpg]
[promosisuzukijogja.com/produk/mobile2019/img/automobile/interior-steer.jpg]
[promosisuzukijogja.com/produk/mobile2019/img/automobile/icon-link.png]
[www.suzuki.co.id/themes/mobile2019/img/automobile/new-carry-luxury/acc-1.jpg]
[www.suzuki.co.id/themes/mobile2019/img/automobile/new-carry-luxury/acc-2.jpg]
[www.suzuki.co.id/themes/mobile2019/img/automobile/new-carry-luxury/acc-3.jpg]
[www.suzuki.co.id/themes/mobile2019/img/automobile/new-carry-luxury/acc-4.jpg]
[www.suzuki.co.id/themes/mobile2019/img/automobile/new-carry-luxury/acc-5.jpg]
[promosisuzukijogja.com/produk/carry-blind-van.html]
[promosisuzukijogja.com/produk/mobile2019/img/automobile/New-Carry-Jogja.jpg]
[promosisuzukijogja.com/produk/mobile2019/img/automobile/angle-back-rhino.png]
[promosisuzukijogja.com/produk/mobile2019/img/automobile/angle-side.png]
[promosisuzukijogja.com/produk/new-carry.html]
[promosisuzukijogja.com/produk/mobile2019/img/automobile/carry-luxury.jpg]
[promosisuzukijogja.com/produk/mobile2019/img/automobile/logo-new-carry.png]
[promosisuzukijogja.com/produk/mobile2019/img/automobile/logo-new-carry-2.png]
[promosisuzukijogja.com/produk/mobile2019/img/automobile/ilmu.png]
[promosisuzukijogja.com/produk/mobile2019/img/automobile/angle-back-1.png]
[promosisuzukijogja.com/produk/mobile2019/img/automobile/fimg1.jpg]
[promosisuzukijogja.com/produk/mobile2019/img/automobile/fimg2.jpg]
[promosisuzukijogja.com/produk/mobile2019/img/automobile/fimg3.jpg]
[promosisuzukijogja.com/produk/mobile2019/img/automobile/slides_1_1.jpg]
[promosisuzukijogja.com/produk/mobile2019/img/automobile/slides_1_2-Mobile.jpg]
[promosisuzukijogja.com/produk/mobile2019/img/automobile/angle-top-isi.png]
[promosisuzukijogja.com/produk/mobile2019/img/automobile/wide-deck.png]
[promosisuzukijogja.com/produk/mobile2019/img/automobile/flat-deck.png]
[promosisuzukijogja.com/produk/mobile2019/img/automobile/variant/suzuki-new-carry-luxury-silver.png]
[promosisuzukijogja.com/produk/mobile2019/img/automobile/angle-hero.png]
[promosisuzukijogja.com/produk/new-carry-luxury.html]
[promosisuzukijogja.com/produk/xl7.html]
[promosisuzukijogja.com/uploads/automobile/ignis-thumb-gx1.html]
[promosisuzukijogja.com/produk/index.html]
[promosisuzukijogja.com/dealer.html]
[promosisuzukijogja.com/mobile2019/js/automobile.min.html]
[promosisuzukijogja.com/mobile2019/fonts/fontawesome-webfont3e6e.html]
[promosisuzukijogja.com/mobile2019/fonts/fontawesome-webfontd41d.html]
[promosisuzukijogja.com/mobile2019/fonts/fontawesome-webfont3e6e-2.html]
[promosisuzukijogja.com/mobile2019/fonts/fontawesome-webfont3e6e-3.html]
[promosisuzukijogja.com/mobile2019/fonts/SuzukiPRORegular.html]
[promosisuzukijogja.com/mobile2019/fonts/SuzukiPRORegulard41d.html]
[promosisuzukijogja.com/mobile2019/fonts/SuzukiPRORegular-2.html]
[promosisuzukijogja.com/mobile2019/fonts/SuzukiPROBold.html]
[promosisuzukijogja.com/mobile2019/fonts/SuzukiPROBoldd41d.html]
[promosisuzukijogja.com/mobile2019/fonts/SuzukiPROBold-2.html]
[promosisuzukijogja.com/mobile2019/fonts/SuzukiPROHeadline.html]
[promosisuzukijogja.com/mobile2019/fonts/SuzukiPROHeadlined41d.html]
[promosisuzukijogja.com/mobile2019/fonts/SuzukiPROHeadline-2.html]
[promosisuzukijogja.com/mobile2019/img/loading.html]
[promosisuzukijogja.com/mobile2019/img/img-placeholder.html]
[promosisuzukijogja.com/mobile2019/img/icon-angle-down.html]
[promosisuzukijogja.com/mobile2019/img/marine/bg.html]
[promosisuzukijogja.com/mobile2019/img/icon-arrow-down-circle.html]
[promosisuzukijogja.com/mobile2019/img/icon-arrow-up-circle.html]
[promosisuzukijogja.com/mobile2019/img/insurance/content.html]
[promosisuzukijogja.com/mobile2019/img/insurance/call-center-icon.html]
[promosisuzukijogja.com/mobile2019/img/insurance/download-icon.html]
[promosisuzukijogja.com/mobile2019/img/insurance/002-car-1.html]
[promosisuzukijogja.com/mobile2019/img/insurance/006-technical-support.html]
[promosisuzukijogja.com/mobile2019/img/insurance/005-forms.html]
[promosisuzukijogja.com/mobile2019/img/insurance/003-key.html]
[promosisuzukijogja.com/mobile2019/img/insurance/repair-shop.html]
[promosisuzukijogja.com/mobile2019/img/insurance/suzuki-icon.html]
[promosisuzukijogja.com/mobile2019/img/insurance/repair-icon.html]
[promosisuzukijogja.com/mobile2019/img/insurance/cust-icon.html]
[promosisuzukijogja.com/mobile2019/img/insurance/marine-logo.html]
[promosisuzukijogja.com/mobile2019/img/insurance/protection-icon.html]
[promosisuzukijogja.com/mobile2019/img/insurance/border.html]
[promosisuzukijogja.com/mobile2019/css/owl.video.play.html]
[promosisuzukijogja.com/promo/mobile2019/fonts/fontawesome-webfont3e6e.woff]
[promosisuzukijogja.com/promo/mobile2019/fonts/fontawesome-webfont3e6e.ttf]
[promosisuzukijogja.com/promo/mobile2019/css/font-awesome.min.css]
[promosisuzukijogja.com/promo/mobile2019/css/aos.css]
[promosisuzukijogja.com/promo/mobile2019/fonts/SuzukiPRORegular.woff]
[promosisuzukijogja.com/promo/mobile2019/fonts/SuzukiPRORegular.ttf]
[promosisuzukijogja.com/promo/mobile2019/fonts/SuzukiPROBold.woff]
[promosisuzukijogja.com/promo/mobile2019/fonts/SuzukiPROBold.ttf]
[promosisuzukijogja.com/promo/mobile2019/fonts/SuzukiPROHeadline.woff]
[promosisuzukijogja.com/promo/mobile2019/fonts/SuzukiPROHeadline.ttf]
[promosisuzukijogja.com/promo/mobile2019/css/reset.minb6fc.css]
[promosisuzukijogja.com/promo/mobile2019/img/icon-angle-right.png]
[promosisuzukijogja.com/promo/mobile2019/img/icon-angle-left.png]
[promosisuzukijogja.com/promo/mobile2019/css/style.minb6fc.css]
[promosisuzukijogja.com/promo/promo-new-carry-jogja.html]
[promosisuzukijogja.com/promo/mobile2019/css/custom.css]
[promosisuzukijogja.com/promo/uploads/news/Promo-Suzuki-Ertiga-Sport-2020-Jogja.jpg]
[promosisuzukijogja.com/promo/promo-ertiga-sport-jogja.html]
[promosisuzukijogja.com/promo/uploads/news/Promo-Ertiga-Sport-Terbaru.png]
[promosisuzukijogja.com/promo/uploads/news/Promo-XL7-Jogja.jpg]
[promosisuzukijogja.com/promo/uploads/automobile/xl7_thumb2.png]
[promosisuzukijogja.com/promo/uploads/automobile/all-new-ertiga-thumb2.jpg]
[promosisuzukijogja.com/promo/uploads/automobile/ertiga-sport-thumb.jpg]
[promosisuzukijogja.com/promo/uploads/automobile/wagon-r-thumb3.jpg]
[promosisuzukijogja.com/promo/uploads/automobile/b6244-mun-rgs.jpg]
[promosisuzukijogja.com/promo/uploads/automobile/APV-ARENA-thumb.jpg]
[promosisuzukijogja.com/promo/uploads/automobile/ignis-thumb-gx1.jpg]
[promosisuzukijogja.com/promo/uploads/automobile/scross-thumb1.jpg]
[promosisuzukijogja.com/promo/uploads/automobile/baleno-thumb.png]
[promosisuzukijogja.com/promo/uploads/automobile/jimny-thumb.jpg]
[promosisuzukijogja.com/promo/uploads/automobile/New-Carry-Blind-Van.png]
[promosisuzukijogja.com/promo/uploads/automobile/new-carry-thumb.jpg]
[promosisuzukijogja.com/promo/uploads/automobile/carry-luxury-jogja.png]
[promosisuzukijogja.com/promo/kredit-xl7-jogja.html]
[www.suzuki.co.id/themes/mobile2019/css/font-awesome.min.css]
[www.suzuki.co.id/themes/mobile2019/css/aos.css]
[www.suzuki.co.id/themes/mobile2019/img/loading.gif]
[www.suzuki.co.id/themes/mobile2019/css/reset.minb6fc.css]
[www.suzuki.co.id/themes/mobile2019/img/icon-angle-right.png]
[www.suzuki.co.id/themes/mobile2019/img/icon-angle-left.png]
[www.suzuki.co.id/themes/mobile2019/img/img-placeholder.png]
[www.suzuki.co.id/themes/mobile2019/img/icon-angle-down.png]
[www.suzuki.co.id/themes/mobile2019/img/marine/bg.jpg]
[www.suzuki.co.id/themes/mobile2019/img/insurance/content.png]
[www.suzuki.co.id/themes/mobile2019/img/insurance/call-center-icon.png]
[www.suzuki.co.id/themes/mobile2019/img/insurance/download-icon.png]
[www.suzuki.co.id/themes/mobile2019/img/insurance/002-car-1.png]
[www.suzuki.co.id/themes/mobile2019/img/insurance/006-technical-support.png]
[www.suzuki.co.id/themes/mobile2019/img/insurance/005-forms.png]
[www.suzuki.co.id/themes/mobile2019/img/insurance/003-key.png]
[www.suzuki.co.id/themes/mobile2019/img/insurance/repair-shop.png]
[www.suzuki.co.id/themes/mobile2019/img/insurance/suzuki-icon.png]
[www.suzuki.co.id/themes/mobile2019/img/insurance/repair-icon.png]
[www.suzuki.co.id/themes/mobile2019/img/insurance/cust-icon.png]
[www.suzuki.co.id/themes/mobile2019/img/insurance/marine-logo.png]
[www.suzuki.co.id/themes/mobile2019/img/insurance/protection-icon.png]
[www.suzuki.co.id/themes/mobile2019/img/insurance/border.png]
[www.suzuki.co.id/themes/mobile2019/css/style.minb6fc.css]
[www.suzuki.co.id/themes/mobile2019/css/automobile.minb6fc.css]
[www.suzuki.co.id/themes/mobile2019/img/automobile/xl7/bg-color-preview.png]
[www.suzuki.co.id/themes/mobile2019/img/automobile/xl7/bg-3d.png]
[www.suzuki.co.id/themes/mobile2019/css/xl7.minb6fc.css]
[www.suzuki.co.id/themes/mobile2019/css/owl.carousel.minb6fc.css]
[www.suzuki.co.id/themes/mobile2019/css/owl.video.play.html]
[promosisuzukijogja.com/produk/mobile2019/fonts/fontawesome-webfont3e6e.woff]
[promosisuzukijogja.com/produk/mobile2019/fonts/fontawesome-webfont3e6e.ttf]
[promosisuzukijogja.com/produk/mobile2019/css/font-awesome.min.css]
[promosisuzukijogja.com/produk/mobile2019/css/aos.css]
[promosisuzukijogja.com/produk/mobile2019/fonts/SuzukiPRORegular.woff]
[promosisuzukijogja.com/produk/mobile2019/fonts/SuzukiPRORegular.ttf]
[promosisuzukijogja.com/produk/mobile2019/fonts/SuzukiPROBold.woff]
[promosisuzukijogja.com/produk/mobile2019/fonts/SuzukiPROBold.ttf]
[promosisuzukijogja.com/produk/mobile2019/fonts/SuzukiPROHeadline.woff]
[promosisuzukijogja.com/produk/mobile2019/fonts/SuzukiPROHeadline.ttf]
[promosisuzukijogja.com/produk/mobile2019/css/reset.minb6fc.css]
[promosisuzukijogja.com/produk/mobile2019/img/icon-angle-right.png]
[promosisuzukijogja.com/produk/mobile2019/img/icon-angle-left.png]
[promosisuzukijogja.com/produk/mobile2019/css/style.minb6fc.css]
[promosisuzukijogja.com/produk/mobile2019/css/automobile.minb6fc.css]
[www.suzuki.co.id/themes/mobile2019/css/ertiga-sport.minb6fc.css]
[www.suzuki.co.id/themes/mobile2019/img/automobile/new-ignis/bg-variant.png]
[www.suzuki.co.id/themes/mobile2019/css/new-ignis.minb6fc.css]
[www.suzuki.co.id/themes/mobile2019/img/automobile/new-ignis/bg-price.jpg]
[promosisuzukijogja.com/produk/mobile2019/img/automobile/variant/Suhttps_/www.suzuki.co.id/assets/static/zuki_Ignis_GX_Hero_Angle_FLIP_STARGAZE_ORANYE___BLACK1.html]
[promosisuzukijogja.com/produk/mobile2019/css/new-baleno.minb6fc.css]
[promosisuzukijogja.com/produk/mobile2019/img/automobile/variant/SuzukiBalenoFront45ÂºBLUE.html]
[promosisuzukijogja.com/produk/mobile2019/img/automobile/variant/SuzukiBalenoFront45ÂºBLACK.html]
[promosisuzukijogja.com/produk/mobile2019/img/automobile/variant/SuzukiBalenoFront45ÂºGREY.html]
[promosisuzukijogja.com/produk/mobile2019/img/automobile/variant/SuzukiBalenoFront45ÂºSILVER.html]
[promosisuzukijogja.com/produk/mobile2019/img/automobile/variant/SuzukiBalenoFront45ÂºWHITE.html]
[promosisuzukijogja.com/produk/mobile2019/css/new-carry-luxury.minb6fc.css]
[promosisuzukijogja.com/produk/mobile2019/css/owl.carousel.minb6fc.css]
[promosisuzukijogja.com/produk/hmobile2019/js/tweenmax.min.html]
[promosisuzukijogja.com/promo/mobile2019/fonts/fontawesome-webfont3e6e.html]
[promosisuzukijogja.com/promo/mobile2019/fonts/fontawesome-webfontd41d.html]
[promosisuzukijogja.com/promo/mobile2019/fonts/fontawesome-webfont3e6e-2.html]
[promosisuzukijogja.com/promo/mobile2019/fonts/fontawesome-webfont3e6e-3.html]
[promosisuzukijogja.com/promo/mobile2019/fonts/SuzukiPRORegular.html]
[promosisuzukijogja.com/promo/mobile2019/fonts/SuzukiPRORegulard41d.html]
[promosisuzukijogja.com/promo/mobile2019/fonts/SuzukiPRORegular-2.html]
[promosisuzukijogja.com/promo/mobile2019/fonts/SuzukiPROBold.html]
[promosisuzukijogja.com/promo/mobile2019/fonts/SuzukiPROBoldd41d.html]
[promosisuzukijogja.com/promo/mobile2019/fonts/SuzukiPROBold-2.html]
[promosisuzukijogja.com/promo/mobile2019/fonts/SuzukiPROHeadline.html]
[promosisuzukijogja.com/promo/mobile2019/fonts/SuzukiPROHeadlined41d.html]
[promosisuzukijogja.com/promo/mobile2019/fonts/SuzukiPROHeadline-2.html]
[promosisuzukijogja.com/promo/mobile2019/img/loading.html]
[promosisuzukijogja.com/promo/mobile2019/img/img-placeholder.html]
[promosisuzukijogja.com/promo/mobile2019/img/icon-angle-down.html]
[promosisuzukijogja.com/promo/mobile2019/img/marine/bg.html]
[promosisuzukijogja.com/promo/mobile2019/img/icon-arrow-down-circle.html]
[promosisuzukijogja.com/promo/mobile2019/img/icon-arrow-up-circle.html]
[promosisuzukijogja.com/promo/mobile2019/img/insurance/content.html]
[promosisuzukijogja.com/promo/mobile2019/img/insurance/call-center-icon.html]
[promosisuzukijogja.com/promo/mobile2019/img/insurance/download-icon.html]
[promosisuzukijogja.com/promo/mobile2019/img/insurance/002-car-1.html]
[promosisuzukijogja.com/promo/mobile2019/img/insurance/006-technical-support.html]
[promosisuzukijogja.com/promo/mobile2019/img/insurance/005-forms.html]
[promosisuzukijogja.com/promo/mobile2019/img/insurance/003-key.html]
[promosisuzukijogja.com/promo/mobile2019/img/insurance/repair-shop.html]
[promosisuzukijogja.com/promo/mobile2019/img/insurance/suzuki-icon.html]
[promosisuzukijogja.com/promo/mobile2019/img/insurance/repair-icon.html]
[promosisuzukijogja.com/promo/mobile2019/img/insurance/cust-icon.html]
[promosisuzukijogja.com/promo/mobile2019/img/insurance/marine-logo.html]
[promosisuzukijogja.com/promo/mobile2019/img/insurance/protection-icon.html]
[promosisuzukijogja.com/promo/mobile2019/img/insurance/border.html]
[promosisuzukijogja.com/promo/uploads/news/Promo-Carry-Pick-Up-Jogja-2020.jpg]
[promosisuzukijogja.com/promo/uploads/news/PROMO-SUZUKI-JOGJA.jpg]
[promosisuzukijogja.com/promo/promo-new-carry-jogja.html]
[promosisuzukijogja.com/promo/mobile2019/css/custom.css]
[suzukicdn.net/themes/default2019/img/logo6798.png]
[suzukicdn.net/themes/default2019/css/font-awesome.min.css]
[suzukicdn.net/themes/default2019/css/aos.css]
[suzukicdn.net/themes/default2019/css/reset.min971f.css]
[suzukicdn.net/themes/default2019/css/style.min971f.css]
[suzukicdn.net/themes/default2019/icons/favicon-32x32.png]
[suzukicdn.net/themes/default2019/icons/favicon-16x16.png]
[suzukicdn.net/themes/default2019/icons/apple-touch-icon-152x152.png]
[suzukicdn.net/themes/default2019/icons/msapplication-icon-144x144.png]
[suzukicdn.net/themes/default2019/js/jquery.min.js]
[suzukicdn.net/themes/default2019/img/logo-white5e1f.png]
[suzukicdn.net/themes/default2019/img/logo5e1f.png]
[suzukicdn.net/themes/default2019/img/icon-close.png]
[suzukicdn.net/themes/default2019/img/icon-link.png]
[suzukicdn.net/themes/default2019/img/img-automobile.jpg]
[suzukicdn.net/themes/default2019/img/img-motorcycle.jpg]
[suzukicdn.net/themes/default2019/img/img-marine.jpg]
[suzukicdn.net/themes/default2019/img/icon-pricelist.png]
[suzukicdn.net/themes/default2019/img/icon-dealer.png]
[suzukicdn.net/themes/default2019/img/icon-phone.png]
[suzukicdn.net/themes/default2019/img/icon-drive.png]
[suzukicdn.net/themes/default2019/img/mysuzuki_new.png]
[suzukicdn.net/themes/default2019/img/ecstar3.png]
[suzukicdn.net/themes/default2019/js/aos.js]
[suzukicdn.net/themes/default2019/js/owl.carousel.min.js]
[suzukicdn.net/themes/default2019/js/app.min971f.js]
[suzukicdn.net/themes/default2019/img/icon-chat-online.png]
[suzukicdn.net/themes/default2019/img/icon-chat-offline.png]
[www.suzuki.co.id/themes/mobile2019/css/owl.video.play.html]
[promosisuzukijogja.com/produk/mobile2019/fonts/fontawesome-webfont3e6e.html]
[promosisuzukijogja.com/produk/mobile2019/fonts/fontawesome-webfontd41d.html]
[promosisuzukijogja.com/produk/mobile2019/fonts/fontawesome-webfont3e6e-2.html]
[promosisuzukijogja.com/produk/mobile2019/fonts/fontawesome-webfont3e6e-3.html]
[promosisuzukijogja.com/produk/mobile2019/fonts/SuzukiPRORegular.html]
[promosisuzukijogja.com/produk/mobile2019/fonts/SuzukiPRORegulard41d.html]
[promosisuzukijogja.com/produk/mobile2019/fonts/SuzukiPRORegular-2.html]
[promosisuzukijogja.com/produk/mobile2019/fonts/SuzukiPROBold.html]
[promosisuzukijogja.com/produk/mobile2019/fonts/SuzukiPROBoldd41d.html]
[promosisuzukijogja.com/produk/mobile2019/fonts/SuzukiPROBold-2.html]
[promosisuzukijogja.com/produk/mobile2019/fonts/SuzukiPROHeadline.html]
[promosisuzukijogja.com/produk/mobile2019/fonts/SuzukiPROHeadlined41d.html]
[promosisuzukijogja.com/produk/mobile2019/fonts/SuzukiPROHeadline-2.html]
[promosisuzukijogja.com/produk/mobile2019/img/loading.html]
[promosisuzukijogja.com/produk/mobile2019/img/img-placeholder.html]
[promosisuzukijogja.com/produk/mobile2019/img/icon-angle-down.html]
[promosisuzukijogja.com/produk/mobile2019/img/marine/bg.html]
[promosisuzukijogja.com/produk/mobile2019/img/icon-arrow-down-circle.html]
[promosisuzukijogja.com/produk/mobile2019/img/icon-arrow-up-circle.html]
[promosisuzukijogja.com/produk/mobile2019/img/insurance/content.html]
[promosisuzukijogja.com/produk/mobile2019/img/insurance/call-center-icon.html]
[promosisuzukijogja.com/produk/mobile2019/img/insurance/download-icon.html]
[promosisuzukijogja.com/produk/mobile2019/img/insurance/002-car-1.html]
[promosisuzukijogja.com/produk/mobile2019/img/insurance/006-technical-support.html]
[promosisuzukijogja.com/produk/mobile2019/img/insurance/005-forms.html]
[promosisuzukijogja.com/produk/mobile2019/img/insurance/003-key.html]
[promosisuzukijogja.com/produk/mobile2019/img/insurance/repair-shop.html]
[promosisuzukijogja.com/produk/mobile2019/img/insurance/suzuki-icon.html]
[promosisuzukijogja.com/produk/mobile2019/img/insurance/repair-icon.html]
[promosisuzukijogja.com/produk/mobile2019/img/insurance/cust-icon.html]
[promosisuzukijogja.com/produk/mobile2019/img/insurance/marine-logo.html]
[promosisuzukijogja.com/produk/mobile2019/img/insurance/protection-icon.html]
[promosisuzukijogja.com/produk/mobile2019/img/insurance/border.html]
[promosisuzukijogja.com/produk/mobile2019/img/automobile/new-baleno/bg-exterior-caption.html]
[promosisuzukijogja.com/produk/mobile2019/img/automobile/new-baleno/bg-exterior-caption-new.html]
[promosisuzukijogja.com/produk/mobile2019/img/automobile/new-baleno/bg-variant-color.html]
[promosisuzukijogja.com/produk/mobile2019/img/automobile/new-baleno/bg-exterior.html]
[promosisuzukijogja.com/produk/mobile2019/img/automobile/new-carry/bg-color.html]
[promosisuzukijogja.com/produk/mobile2019/css/owl.video.play.html]
[suzukicdn.net/themes/default2019/css/font-awesome.min.css]
[suzukicdn.net/themes/default2019/css/aos.css]
[cdn.webpushr.com/app.min.js]
[suzukicdn.net/themes/default2019/img/loading.gif]
[suzukicdn.net/themes/default2019/css/reset.min971f.css]
[suzukicdn.net/themes/default2019/img/icon-angle-right.png]
[suzukicdn.net/themes/default2019/img/icon-angle-left.png]
[suzukicdn.net/themes/default2019/img/img-placeholder.png]
[suzukicdn.net/themes/default2019/img/icon-angle-down.png]
[suzukicdn.net/themes/default2019/img/marine/bg.jpg]
[suzukicdn.net/themes/default2019/img/insurance/content.png]
[suzukicdn.net/themes/default2019/img/insurance/call-center-icon.png]
[suzukicdn.net/themes/default2019/img/insurance/download-icon.png]
[suzukicdn.net/themes/default2019/img/insurance/002-car-1.png]
[suzukicdn.net/themes/default2019/img/insurance/006-technical-support.png]
[suzukicdn.net/themes/default2019/img/insurance/005-forms.png]
[suzukicdn.net/themes/default2019/img/insurance/003-key.png]
[suzukicdn.net/themes/default2019/img/insurance/repair-shop.png]
[suzukicdn.net/themes/default2019/img/insurance/suzuki-icon.png]
[suzukicdn.net/themes/default2019/img/insurance/repair-icon.png]
[suzukicdn.net/themes/default2019/img/insurance/cust-icon.png]
[suzukicdn.net/themes/default2019/img/insurance/border.png]
[suzukicdn.net/themes/default2019/css/style.min971f.css]
[www.googletagmanager.com/gtm5445.html]
